../Core/Src/main.c:71:6:HAL_UART_RxCpltCallback	16	static
../Core/Src/main.c:89:6:command_parser_fsm	16	static
../Core/Src/main.c:125:6:ADC_read	8	static
../Core/Src/main.c:135:6:uart_communication_fsm	8	static
../Core/Src/main.c:180:5:main	8	static
../Core/Src/main.c:231:6:SystemClock_Config	88	static
../Core/Src/main.c:275:13:MX_ADC1_Init	24	static
../Core/Src/main.c:322:13:MX_TIM2_Init	32	static
../Core/Src/main.c:367:13:MX_USART2_UART_Init	8	static
../Core/Src/main.c:400:13:MX_GPIO_Init	32	static
../Core/Src/main.c:427:6:Error_Handler	4	static,ignoring_inline_asm
